
> jeweltest-enterprise-erp@1.0.0 build
> cd client && npm install && npm run build


up to date, audited 618 packages in 3s

148 packages are looking for funding
  run `npm fund` for details

7 vulnerabilities (2 moderate, 5 high)

To address all issues possible (including breaking changes), run:
  npm audit fix --force

Some issues need review, and may require choosing
a different dependency.

Run `npm audit` for details.

> client@0.0.0 build
> tsc && vite build

[36mvite v5.4.21 [32mbuilding for production...[36m[39m
transforming...
[32mΓ£ô[39m 33 modules transformed.
npm : [31mx[39m Build failed in 1.78s
At line:1 char:1
+ npm run build > build_error.log 2>&1
+ ~~~~~~~~~~~~~~~~~~~~~~~~~~~~~~~~~~~~
    + CategoryInfo          : NotSpecified: ([31mx[39m Build failed in 1.78s:String) [], RemoteException
    + FullyQualifiedErrorId : NativeCommandError
 
[31merror during build:
[31m[vite-plugin-pwa:build] [plugin vite-plugin-pwa:build] node_modules/react-dom/client.js: There was an error 
during the build:
  Failed to resolve entry for package "scheduler". The package may have incorrect main/module/exports specified in its 
package.json.
Additionally, handling the error in the 'buildEnd' hook caused the following error:
  Failed to resolve entry for package "scheduler". The package may have incorrect main/module/exports specified in its 
package.json.[31m
file: [36mC:/Users/AGNI/.gemini/antigravity/scratch/JEWELTEST/client/node_modules/react-dom/client.js[31m
    at getRollupError (file:///C:/Users/AGNI/.gemini/antigravity/scratch/JEWELTEST/client/node_modules/rollup/dist/es/s
hared/parseAst.js:406:41)
    at file:///C:/Users/AGNI/.gemini/antigravity/scratch/JEWELTEST/client/node_modules/rollup/dist/es/shared/node-entry
.js:23863:39
    at async catchUnfinishedHookActions (file:///C:/Users/AGNI/.gemini/antigravity/scratch/JEWELTEST/client/node_module
s/rollup/dist/es/shared/node-entry.js:23321:16)
    at async rollupInternal (file:///C:/Users/AGNI/.gemini/antigravity/scratch/JEWELTEST/client/node_modules/rollup/dis
t/es/shared/node-entry.js:23846:5)
    at async build (file:///C:/Users/AGNI/.gemini/antigravity/scratch/JEWELTEST/client/node_modules/vite/dist/node/chun
ks/dep-BK3b2jBa.js:65709:14)
    at async CAC.<anonymous> 
(file:///C:/Users/AGNI/.gemini/antigravity/scratch/JEWELTEST/client/node_modules/vite/dist/node/cli.js:829:5)[39m
